[C:/Users/mrshi/바탕 화면/HTTrack/linkedin/backblue.gif]
[C:/Users/mrshi/바탕 화면/HTTrack/linkedin/fade.gif]
[C:/Users/mrshi/바탕 화면/HTTrack/linkedin/index.html]
[C:/Users/mrshi/바탕 화면/HTTrack/linkedin/127.0.0.1_5500/img/man2.jpg]
[C:/Users/mrshi/바탕 화면/HTTrack/linkedin/127.0.0.1_5500/linkedin.html]
[C:/Users/mrshi/바탕 화면/HTTrack/linkedin/127.0.0.1_5500/in/m-g-matthew-434723189/index.html]
[C:/Users/mrshi/바탕 화면/HTTrack/linkedin/127.0.0.1_5500/in/m-g-matthew-434723189/guided/add-photo/photo/index912b.html]
[C:/Users/mrshi/바탕 화면/HTTrack/linkedin/127.0.0.1_5500/feed/index1bfc.html]
[C:/Users/mrshi/바탕 화면/HTTrack/linkedin/127.0.0.1_5500/post/new/index.html]
[C:/Users/mrshi/바탕 화면/HTTrack/linkedin/127.0.0.1_5500/video/event/urn_li_ugcPost_7025913552569847808/index3b1b.html]
[C:/Users/mrshi/바탕 화면/HTTrack/linkedin/127.0.0.1_5500/company/naver/index.html]
[C:/Users/mrshi/바탕 화면/HTTrack/linkedin/127.0.0.1_5500/company/kakaocorp/index.html]
[C:/Users/mrshi/바탕 화면/HTTrack/linkedin/127.0.0.1_5500/company/coupang/index.html]
[C:/Users/mrshi/바탕 화면/HTTrack/linkedin/127.0.0.1_5500/mynetwork/discover-hub/index.html]
